Analysis & Synthesis report for comparador
Fri Feb 10 11:53:12 2023
Quartus II 64-Bit Version 14.0.0 Build 200 06/17/2014 SJ Full Version


---------------------
; Table of Contents ;
---------------------
  1. Legal Notice
  2. Analysis & Synthesis Summary
  3. Analysis & Synthesis Settings
  4. Parallel Compilation
  5. Analysis & Synthesis Source Files Read
  6. Analysis & Synthesis Resource Usage Summary
  7. Analysis & Synthesis Resource Utilization by Entity
  8. General Register Statistics
  9. Post-Synthesis Netlist Statistics for Top Partition
 10. Elapsed Time Per Partition
 11. Analysis & Synthesis Messages



----------------
; Legal Notice ;
----------------
Copyright (C) 1991-2014 Altera Corporation. All rights reserved.
Your use of Altera Corporation's design tools, logic functions 
and other software and tools, and its AMPP partner logic 
functions, and any output files from any of the foregoing 
(including device programming or simulation files), and any 
associated documentation or information are expressly subject 
to the terms and conditions of the Altera Program License 
Subscription Agreement, the Altera Quartus II License Agreement,
the Altera MegaCore Function License Agreement, or other 
applicable license agreement, including, without limitation, 
that your use is for the sole purpose of programming logic 
devices manufactured by Altera and sold by Altera or its 
authorized distributors.  Please refer to the applicable 
agreement for further details.



+----------------------------------------------------------------------------------+
; Analysis & Synthesis Summary                                                     ;
+------------------------------------+---------------------------------------------+
; Analysis & Synthesis Status        ; Successful - Fri Feb 10 11:53:12 2023       ;
; Quartus II 64-Bit Version          ; 14.0.0 Build 200 06/17/2014 SJ Full Version ;
; Revision Name                      ; comparador                                  ;
; Top-level Entity Name              ; ProjetoCompletoOK                           ;
; Family                             ; Cyclone IV E                                ;
; Total logic elements               ; 50                                          ;
;     Total combinational functions  ; 50                                          ;
;     Dedicated logic registers      ; 0                                           ;
; Total registers                    ; 0                                           ;
; Total pins                         ; 27                                          ;
; Total virtual pins                 ; 0                                           ;
; Total memory bits                  ; 0                                           ;
; Embedded Multiplier 9-bit elements ; 0                                           ;
; Total PLLs                         ; 0                                           ;
+------------------------------------+---------------------------------------------+


+----------------------------------------------------------------------------------------------------------------------+
; Analysis & Synthesis Settings                                                                                        ;
+----------------------------------------------------------------------------+--------------------+--------------------+
; Option                                                                     ; Setting            ; Default Value      ;
+----------------------------------------------------------------------------+--------------------+--------------------+
; Device                                                                     ; EP4CE6E22A7        ;                    ;
; Top-level entity name                                                      ; ProjetoCompletoOK  ; comparador         ;
; Family name                                                                ; Cyclone IV E       ; Cyclone IV GX      ;
; Use smart compilation                                                      ; Off                ; Off                ;
; Enable parallel Assembler and TimeQuest Timing Analyzer during compilation ; On                 ; On                 ;
; Enable compact report table                                                ; Off                ; Off                ;
; Restructure Multiplexers                                                   ; Auto               ; Auto               ;
; Create Debugging Nodes for IP Cores                                        ; Off                ; Off                ;
; Preserve fewer node names                                                  ; On                 ; On                 ;
; Disable OpenCore Plus hardware evaluation                                  ; Off                ; Off                ;
; Verilog Version                                                            ; Verilog_2001       ; Verilog_2001       ;
; VHDL Version                                                               ; VHDL_1993          ; VHDL_1993          ;
; State Machine Processing                                                   ; Auto               ; Auto               ;
; Safe State Machine                                                         ; Off                ; Off                ;
; Extract Verilog State Machines                                             ; On                 ; On                 ;
; Extract VHDL State Machines                                                ; On                 ; On                 ;
; Ignore Verilog initial constructs                                          ; Off                ; Off                ;
; Iteration limit for constant Verilog loops                                 ; 5000               ; 5000               ;
; Iteration limit for non-constant Verilog loops                             ; 250                ; 250                ;
; Add Pass-Through Logic to Inferred RAMs                                    ; On                 ; On                 ;
; Infer RAMs from Raw Logic                                                  ; On                 ; On                 ;
; Parallel Synthesis                                                         ; On                 ; On                 ;
; DSP Block Balancing                                                        ; Auto               ; Auto               ;
; NOT Gate Push-Back                                                         ; On                 ; On                 ;
; Power-Up Don't Care                                                        ; On                 ; On                 ;
; Remove Redundant Logic Cells                                               ; Off                ; Off                ;
; Remove Duplicate Registers                                                 ; On                 ; On                 ;
; Ignore CARRY Buffers                                                       ; Off                ; Off                ;
; Ignore CASCADE Buffers                                                     ; Off                ; Off                ;
; Ignore GLOBAL Buffers                                                      ; Off                ; Off                ;
; Ignore ROW GLOBAL Buffers                                                  ; Off                ; Off                ;
; Ignore LCELL Buffers                                                       ; Off                ; Off                ;
; Ignore SOFT Buffers                                                        ; On                 ; On                 ;
; Limit AHDL Integers to 32 Bits                                             ; Off                ; Off                ;
; Optimization Technique                                                     ; Balanced           ; Balanced           ;
; Carry Chain Length                                                         ; 70                 ; 70                 ;
; Auto Carry Chains                                                          ; On                 ; On                 ;
; Auto Open-Drain Pins                                                       ; On                 ; On                 ;
; Perform WYSIWYG Primitive Resynthesis                                      ; Off                ; Off                ;
; Auto ROM Replacement                                                       ; On                 ; On                 ;
; Auto RAM Replacement                                                       ; On                 ; On                 ;
; Auto DSP Block Replacement                                                 ; On                 ; On                 ;
; Auto Shift Register Replacement                                            ; Auto               ; Auto               ;
; Allow Shift Register Merging across Hierarchies                            ; Auto               ; Auto               ;
; Auto Clock Enable Replacement                                              ; On                 ; On                 ;
; Strict RAM Replacement                                                     ; Off                ; Off                ;
; Allow Synchronous Control Signals                                          ; On                 ; On                 ;
; Force Use of Synchronous Clear Signals                                     ; Off                ; Off                ;
; Auto RAM Block Balancing                                                   ; On                 ; On                 ;
; Auto RAM to Logic Cell Conversion                                          ; Off                ; Off                ;
; Auto Resource Sharing                                                      ; Off                ; Off                ;
; Allow Any RAM Size For Recognition                                         ; Off                ; Off                ;
; Allow Any ROM Size For Recognition                                         ; Off                ; Off                ;
; Allow Any Shift Register Size For Recognition                              ; Off                ; Off                ;
; Use LogicLock Constraints during Resource Balancing                        ; On                 ; On                 ;
; Ignore translate_off and synthesis_off directives                          ; Off                ; Off                ;
; Timing-Driven Synthesis                                                    ; On                 ; On                 ;
; Report Parameter Settings                                                  ; On                 ; On                 ;
; Report Source Assignments                                                  ; On                 ; On                 ;
; Report Connectivity Checks                                                 ; On                 ; On                 ;
; Ignore Maximum Fan-Out Assignments                                         ; Off                ; Off                ;
; Synchronization Register Chain Length                                      ; 2                  ; 2                  ;
; PowerPlay Power Optimization                                               ; Normal compilation ; Normal compilation ;
; HDL message level                                                          ; Level2             ; Level2             ;
; Suppress Register Optimization Related Messages                            ; Off                ; Off                ;
; Number of Removed Registers Reported in Synthesis Report                   ; 5000               ; 5000               ;
; Number of Swept Nodes Reported in Synthesis Report                         ; 5000               ; 5000               ;
; Number of Inverted Registers Reported in Synthesis Report                  ; 100                ; 100                ;
; Clock MUX Protection                                                       ; On                 ; On                 ;
; Auto Gated Clock Conversion                                                ; Off                ; Off                ;
; Block Design Naming                                                        ; Auto               ; Auto               ;
; SDC constraint protection                                                  ; Off                ; Off                ;
; Synthesis Effort                                                           ; Auto               ; Auto               ;
; Shift Register Replacement - Allow Asynchronous Clear Signal               ; On                 ; On                 ;
; Pre-Mapping Resynthesis Optimization                                       ; Off                ; Off                ;
; Analysis & Synthesis Message Level                                         ; Medium             ; Medium             ;
; Disable Register Merging Across Hierarchies                                ; Auto               ; Auto               ;
; Resource Aware Inference For Block RAM                                     ; On                 ; On                 ;
; Synthesis Seed                                                             ; 1                  ; 1                  ;
+----------------------------------------------------------------------------+--------------------+--------------------+


+------------------------------------------+
; Parallel Compilation                     ;
+----------------------------+-------------+
; Processors                 ; Number      ;
+----------------------------+-------------+
; Number detected on machine ; 4           ;
; Maximum allowed            ; 4           ;
;                            ;             ;
; Average used               ; 1.00        ;
; Maximum used               ; 1           ;
;                            ;             ;
; Usage by Processor         ; % Time Used ;
;     Processor 1            ; 100.0%      ;
;     Processors 2-4         ;   0.0%      ;
+----------------------------+-------------+


+----------------------------------------------------------------------------------------------------------------------------------------------------------------------------+
; Analysis & Synthesis Source Files Read                                                                                                                                     ;
+----------------------------------+-----------------+------------------------------------+------------------------------------------------------------------------+---------+
; File Name with User-Entered Path ; Used in Netlist ; File Type                          ; File Name with Absolute Path                                           ; Library ;
+----------------------------------+-----------------+------------------------------------+------------------------------------------------------------------------+---------+
; comparador.bdf                   ; yes             ; User Block Diagram/Schematic File  ; D:/Users/acs11/Downloads/IF675_Sistemas_Digitais/comparador.bdf        ;         ;
; Half-Adder.bdf                   ; yes             ; User Block Diagram/Schematic File  ; D:/Users/acs11/Downloads/IF675_Sistemas_Digitais/Half-Adder.bdf        ;         ;
; Full-Adder.bdf                   ; yes             ; User Block Diagram/Schematic File  ; D:/Users/acs11/Downloads/IF675_Sistemas_Digitais/Full-Adder.bdf        ;         ;
; ProjetoCompletoOK.bdf            ; yes             ; User Block Diagram/Schematic File  ; D:/Users/acs11/Downloads/IF675_Sistemas_Digitais/ProjetoCompletoOK.bdf ;         ;
; ComparadorOK.bdf                 ; yes             ; User Block Diagram/Schematic File  ; D:/Users/acs11/Downloads/IF675_Sistemas_Digitais/ComparadorOK.bdf      ;         ;
; SomadorOK.bdf                    ; yes             ; User Block Diagram/Schematic File  ; D:/Users/acs11/Downloads/IF675_Sistemas_Digitais/SomadorOK.bdf         ;         ;
; MaiorQue.bdf                     ; yes             ; User Block Diagram/Schematic File  ; D:/Users/acs11/Downloads/IF675_Sistemas_Digitais/MaiorQue.bdf          ;         ;
; MaiorQueOK.bdf                   ; yes             ; User Block Diagram/Schematic File  ; D:/Users/acs11/Downloads/IF675_Sistemas_Digitais/MaiorQueOK.bdf        ;         ;
; Igual.bdf                        ; yes             ; User Block Diagram/Schematic File  ; D:/Users/acs11/Downloads/IF675_Sistemas_Digitais/Igual.bdf             ;         ;
; MenorQueOK.bdf                   ; yes             ; User Block Diagram/Schematic File  ; D:/Users/acs11/Downloads/IF675_Sistemas_Digitais/MenorQueOK.bdf        ;         ;
; SeletorOK.bdf                    ; yes             ; User Block Diagram/Schematic File  ; D:/Users/acs11/Downloads/IF675_Sistemas_Digitais/SeletorOK.bdf         ;         ;
; ComplementoDe2.bdf               ; yes             ; User Block Diagram/Schematic File  ; D:/Users/acs11/Downloads/IF675_Sistemas_Digitais/ComplementoDe2.bdf    ;         ;
; AndOK.bdf                        ; yes             ; User Block Diagram/Schematic File  ; D:/Users/acs11/Downloads/IF675_Sistemas_Digitais/AndOK.bdf             ;         ;
; XorOK.bdf                        ; yes             ; User Block Diagram/Schematic File  ; D:/Users/acs11/Downloads/IF675_Sistemas_Digitais/XorOK.bdf             ;         ;
; SomaUmOK.bdf                     ; yes             ; User Block Diagram/Schematic File  ; D:/Users/acs11/Downloads/IF675_Sistemas_Digitais/SomaUmOK.bdf          ;         ;
; DisplayOK.bdf                    ; yes             ; User Block Diagram/Schematic File  ; D:/Users/acs11/Downloads/IF675_Sistemas_Digitais/DisplayOK.bdf         ;         ;
+----------------------------------+-----------------+------------------------------------+------------------------------------------------------------------------+---------+


+----------------------------------------------------------+
; Analysis & Synthesis Resource Usage Summary              ;
+---------------------------------------------+------------+
; Resource                                    ; Usage      ;
+---------------------------------------------+------------+
; Estimated Total logic elements              ; 50         ;
;                                             ;            ;
; Total combinational functions               ; 50         ;
; Logic element usage by number of LUT inputs ;            ;
;     -- 4 input functions                    ; 38         ;
;     -- 3 input functions                    ; 11         ;
;     -- <=2 input functions                  ; 1          ;
;                                             ;            ;
; Logic elements by mode                      ;            ;
;     -- normal mode                          ; 50         ;
;     -- arithmetic mode                      ; 0          ;
;                                             ;            ;
; Total registers                             ; 0          ;
;     -- Dedicated logic registers            ; 0          ;
;     -- I/O registers                        ; 0          ;
;                                             ;            ;
; I/O pins                                    ; 27         ;
; Embedded Multiplier 9-bit elements          ; 0          ;
; Maximum fan-out node                        ; A[2]~input ;
; Maximum fan-out                             ; 15         ;
; Total fan-out                               ; 228        ;
; Average fan-out                             ; 2.19       ;
+---------------------------------------------+------------+


+----------------------------------------------------------------------------------------------------------------------------------------------------------------------------------------------------------------------------------------------------+
; Analysis & Synthesis Resource Utilization by Entity                                                                                                                                                                                                ;
+--------------------------------+-------------------+--------------+-------------+--------------+---------+-----------+------+--------------+----------------------------------------------------------------------------------------+--------------+
; Compilation Hierarchy Node     ; LC Combinationals ; LC Registers ; Memory Bits ; DSP Elements ; DSP 9x9 ; DSP 18x18 ; Pins ; Virtual Pins ; Full Hierarchy Name                                                                    ; Library Name ;
+--------------------------------+-------------------+--------------+-------------+--------------+---------+-----------+------+--------------+----------------------------------------------------------------------------------------+--------------+
; |ProjetoCompletoOK             ; 50 (26)           ; 0 (0)        ; 0           ; 0            ; 0       ; 0         ; 27   ; 0            ; |ProjetoCompletoOK                                                                     ; work         ;
;    |ComplementoDe2:inst|       ; 2 (0)             ; 0 (0)        ; 0           ; 0            ; 0       ; 0         ; 0    ; 0            ; |ProjetoCompletoOK|ComplementoDe2:inst                                                 ; work         ;
;       |SomaUmOK:inst|          ; 2 (0)             ; 0 (0)        ; 0           ; 0            ; 0       ; 0         ; 0    ; 0            ; |ProjetoCompletoOK|ComplementoDe2:inst|SomaUmOK:inst                                   ; work         ;
;          |Full-Adder:inst7|    ; 2 (0)             ; 0 (0)        ; 0           ; 0            ; 0       ; 0         ; 0    ; 0            ; |ProjetoCompletoOK|ComplementoDe2:inst|SomaUmOK:inst|Full-Adder:inst7                  ; work         ;
;             |Half-Adder:inst1| ; 2 (2)             ; 0 (0)        ; 0           ; 0            ; 0       ; 0         ; 0    ; 0            ; |ProjetoCompletoOK|ComplementoDe2:inst|SomaUmOK:inst|Full-Adder:inst7|Half-Adder:inst1 ; work         ;
;    |DisplayOK:DisplayA|        ; 7 (7)             ; 0 (0)        ; 0           ; 0            ; 0       ; 0         ; 0    ; 0            ; |ProjetoCompletoOK|DisplayOK:DisplayA                                                  ; work         ;
;    |MaiorQueOK:inst34|         ; 6 (4)             ; 0 (0)        ; 0           ; 0            ; 0       ; 0         ; 0    ; 0            ; |ProjetoCompletoOK|MaiorQueOK:inst34                                                   ; work         ;
;       |ComparadorOK:inst4|     ; 2 (2)             ; 0 (0)        ; 0           ; 0            ; 0       ; 0         ; 0    ; 0            ; |ProjetoCompletoOK|MaiorQueOK:inst34|ComparadorOK:inst4                                ; work         ;
;    |SeletorOK:inst38|          ; 3 (3)             ; 0 (0)        ; 0           ; 0            ; 0       ; 0         ; 0    ; 0            ; |ProjetoCompletoOK|SeletorOK:inst38                                                    ; work         ;
;    |SomadorOK:inst30|          ; 6 (0)             ; 0 (0)        ; 0           ; 0            ; 0       ; 0         ; 0    ; 0            ; |ProjetoCompletoOK|SomadorOK:inst30                                                    ; work         ;
;       |Full-Adder:inst6|       ; 2 (1)             ; 0 (0)        ; 0           ; 0            ; 0       ; 0         ; 0    ; 0            ; |ProjetoCompletoOK|SomadorOK:inst30|Full-Adder:inst6                                   ; work         ;
;          |Half-Adder:inst1|    ; 1 (1)             ; 0 (0)        ; 0           ; 0            ; 0       ; 0         ; 0    ; 0            ; |ProjetoCompletoOK|SomadorOK:inst30|Full-Adder:inst6|Half-Adder:inst1                  ; work         ;
;       |Full-Adder:inst7|       ; 2 (2)             ; 0 (0)        ; 0           ; 0            ; 0       ; 0         ; 0    ; 0            ; |ProjetoCompletoOK|SomadorOK:inst30|Full-Adder:inst7                                   ; work         ;
;       |Full-Adder:inst8|       ; 2 (1)             ; 0 (0)        ; 0           ; 0            ; 0       ; 0         ; 0    ; 0            ; |ProjetoCompletoOK|SomadorOK:inst30|Full-Adder:inst8                                   ; work         ;
;          |Half-Adder:inst1|    ; 1 (1)             ; 0 (0)        ; 0           ; 0            ; 0       ; 0         ; 0    ; 0            ; |ProjetoCompletoOK|SomadorOK:inst30|Full-Adder:inst8|Half-Adder:inst1                  ; work         ;
+--------------------------------+-------------------+--------------+-------------+--------------+---------+-----------+------+--------------+----------------------------------------------------------------------------------------+--------------+
Note: For table entries with two numbers listed, the numbers in parentheses indicate the number of resources of the given type used by the specific entity alone. The numbers listed outside of parentheses indicate the total resources of the given type used by the specific entity and all of its sub-entities in the hierarchy.


+------------------------------------------------------+
; General Register Statistics                          ;
+----------------------------------------------+-------+
; Statistic                                    ; Value ;
+----------------------------------------------+-------+
; Total registers                              ; 0     ;
; Number of registers using Synchronous Clear  ; 0     ;
; Number of registers using Synchronous Load   ; 0     ;
; Number of registers using Asynchronous Clear ; 0     ;
; Number of registers using Asynchronous Load  ; 0     ;
; Number of registers using Clock Enable       ; 0     ;
; Number of registers using Preset             ; 0     ;
+----------------------------------------------+-------+


+-----------------------------------------------------+
; Post-Synthesis Netlist Statistics for Top Partition ;
+-----------------------+-----------------------------+
; Type                  ; Count                       ;
+-----------------------+-----------------------------+
; boundary_port         ; 27                          ;
; cycloneiii_lcell_comb ; 56                          ;
;     normal            ; 56                          ;
;         1 data inputs ; 6                           ;
;         2 data inputs ; 1                           ;
;         3 data inputs ; 11                          ;
;         4 data inputs ; 38                          ;
;                       ;                             ;
; Max LUT depth         ; 5.00                        ;
; Average LUT depth     ; 3.52                        ;
+-----------------------+-----------------------------+


+-------------------------------+
; Elapsed Time Per Partition    ;
+----------------+--------------+
; Partition Name ; Elapsed Time ;
+----------------+--------------+
; Top            ; 00:00:00     ;
+----------------+--------------+


+-------------------------------+
; Analysis & Synthesis Messages ;
+-------------------------------+
Info: *******************************************************************
Info: Running Quartus II 64-Bit Analysis & Synthesis
    Info: Version 14.0.0 Build 200 06/17/2014 SJ Full Version
    Info: Processing started: Fri Feb 10 11:53:07 2023
Info: Command: quartus_map --read_settings_files=on --write_settings_files=off comparador -c comparador
Info (20030): Parallel compilation is enabled and will use 4 of the 4 processors detected
Info (12021): Found 1 design units, including 1 entities, in source file comparador.bdf
    Info (12023): Found entity 1: comparador
Info (12021): Found 1 design units, including 1 entities, in source file half-adder.bdf
    Info (12023): Found entity 1: Half-Adder
Info (12021): Found 1 design units, including 1 entities, in source file full-adder.bdf
    Info (12023): Found entity 1: Full-Adder
Info (12021): Found 1 design units, including 1 entities, in source file somado4bits.bdf
    Info (12023): Found entity 1: somado4bits
Info (12021): Found 1 design units, including 1 entities, in source file comparador4bits.bdf
    Info (12023): Found entity 1: comparador4bits
Info (12021): Found 1 design units, including 1 entities, in source file projetocompletook.bdf
    Info (12023): Found entity 1: ProjetoCompletoOK
Info (12021): Found 1 design units, including 1 entities, in source file comparadorok.bdf
    Info (12023): Found entity 1: ComparadorOK
Info (12021): Found 1 design units, including 1 entities, in source file somadorok.bdf
    Info (12023): Found entity 1: SomadorOK
Info (12021): Found 1 design units, including 1 entities, in source file maiorque.bdf
    Info (12023): Found entity 1: MaiorQue
Info (12021): Found 1 design units, including 1 entities, in source file maiorqueok.bdf
    Info (12023): Found entity 1: MaiorQueOK
Info (12021): Found 1 design units, including 1 entities, in source file igual.bdf
    Info (12023): Found entity 1: Igual
Info (12021): Found 1 design units, including 1 entities, in source file menorque.bdf
    Info (12023): Found entity 1: MenorQue
Info (12021): Found 1 design units, including 1 entities, in source file menorqueok.bdf
    Info (12023): Found entity 1: MenorQueOK
Info (12021): Found 1 design units, including 1 entities, in source file half-sub.bdf
    Info (12023): Found entity 1: Half-Sub
Info (12021): Found 1 design units, including 1 entities, in source file full-sub.bdf
    Info (12023): Found entity 1: Full-Sub
Info (12021): Found 1 design units, including 1 entities, in source file subtradorok.bdf
    Info (12023): Found entity 1: SubtradorOK
Info (12021): Found 1 design units, including 1 entities, in source file seletorok.bdf
    Info (12023): Found entity 1: SeletorOK
Info (12021): Found 1 design units, including 1 entities, in source file complementode2.bdf
    Info (12023): Found entity 1: ComplementoDe2
Info (12021): Found 1 design units, including 1 entities, in source file andok.bdf
    Info (12023): Found entity 1: AndOK
Info (12021): Found 1 design units, including 1 entities, in source file xorok.bdf
    Info (12023): Found entity 1: XorOK
Info (12021): Found 1 design units, including 1 entities, in source file subtradorcompletook2.bdf
    Info (12023): Found entity 1: SubtradorCompletoOK2
Info (12021): Found 1 design units, including 1 entities, in source file inversor4bists.bdf
    Info (12023): Found entity 1: Inversor4Bists
Info (12021): Found 1 design units, including 1 entities, in source file somaumok.bdf
    Info (12023): Found entity 1: SomaUmOK
Info (12021): Found 1 design units, including 1 entities, in source file block1ok.bdf
    Info (12023): Found entity 1: Block1OK
Info (12021): Found 1 design units, including 1 entities, in source file displayok.bdf
    Info (12023): Found entity 1: DisplayOK
Info (12127): Elaborating entity "ProjetoCompletoOK" for the top level hierarchy
Info (12128): Elaborating entity "MaiorQueOK" for hierarchy "MaiorQueOK:inst34"
Info (12128): Elaborating entity "ComparadorOK" for hierarchy "MaiorQueOK:inst34|ComparadorOK:inst4"
Info (12128): Elaborating entity "comparador" for hierarchy "MaiorQueOK:inst34|ComparadorOK:inst4|comparador:inst16"
Info (12128): Elaborating entity "Igual" for hierarchy "MaiorQueOK:inst34|Igual:inst9"
Info (12128): Elaborating entity "MaiorQue" for hierarchy "MaiorQueOK:inst34|MaiorQue:inst2"
Info (12128): Elaborating entity "SeletorOK" for hierarchy "SeletorOK:inst38"
Warning (275043): Pin "xor" is missing source
Warning (275008): Primitive "AND3" of instance "inst7" not used
Info (12128): Elaborating entity "MenorQueOK" for hierarchy "MenorQueOK:inst35"
Info (12128): Elaborating entity "DisplayOK" for hierarchy "DisplayOK:DisplayA"
Info (12128): Elaborating entity "XorOK" for hierarchy "XorOK:Inst37"
Info (12128): Elaborating entity "SomadorOK" for hierarchy "SomadorOK:inst30"
Info (12128): Elaborating entity "Full-Adder" for hierarchy "SomadorOK:inst30|Full-Adder:inst"
Info (12128): Elaborating entity "Half-Adder" for hierarchy "SomadorOK:inst30|Full-Adder:inst|Half-Adder:inst1"
Info (12128): Elaborating entity "ComplementoDe2" for hierarchy "ComplementoDe2:inst"
Warning (275002): No superset bus at connection
Warning (275008): Primitive "NOT" of instance "inst11" not used
Info (12128): Elaborating entity "SomaUmOK" for hierarchy "ComplementoDe2:inst|SomaUmOK:inst"
Info (12128): Elaborating entity "AndOK" for hierarchy "AndOK:inst36"
Warning (275002): No superset bus at connection
Info (286030): Timing-Driven Synthesis is running
Info (16010): Generating hard_block partition "hard_block:auto_generated_inst"
    Info (16011): Adding 0 node(s), including 0 DDIO, 0 PLL, 0 transceiver and 0 LCELL
Info (21057): Implemented 77 device resources after synthesis - the final resource count might be different
    Info (21058): Implemented 13 input pins
    Info (21059): Implemented 14 output pins
    Info (21061): Implemented 50 logic cells
Info: Quartus II 64-Bit Analysis & Synthesis was successful. 0 errors, 5 warnings
    Info: Peak virtual memory: 4697 megabytes
    Info: Processing ended: Fri Feb 10 11:53:12 2023
    Info: Elapsed time: 00:00:05
    Info: Total CPU time (on all processors): 00:00:02


